{"phase": "virtual_casing_start", "elapsed_s": 8.268281817436218e-06, "grid": 48, "digits": 5}
{"phase": "virtual_casing_end", "elapsed_s": 22.97833096422255, "grid": 48, "digits": 5, "plasma_Bn_rms_T": 0.25454683574014897, "interior_tangency_max": 2.4486981598704836e-16}
{"phase": "gradient_check", "elapsed_s": 139.85573635064065, "checks": [{"direction": "all", "checks": [{"step": 1e-05, "relative_error": 1.4624046584810202e-08, "component_errors": [7.020988651573745e-10, 7.31318824942484e-10, 2.0633944856560116e-12, 7.727286692460478e-13, 1.3789169539058302e-08, 0.0, 8.22662013651946e-14, 1.4624046584810202e-08], "passed": true}, {"step": 1e-06, "relative_error": 3.832798854408459e-07, "component_errors": [6.358919571458621e-09, 5.0833930953508855e-09, 6.60044686658437e-10, 3.096751409990828e-10, 3.310427439985608e-10, 0.0, 3.4247472614984745e-13, 3.832798854408459e-07], "passed": true}, {"step": 1e-07, "relative_error": 8.038395128417974e-07, "component_errors": [2.5898844804861376e-08, 5.353638260485738e-08, 8.113048242551144e-09, 2.1681682187482676e-10, 8.925508374925395e-10, 0.0, 6.596419177757381e-12, 7.669729627513e-07], "passed": true}, {"step": 1e-08, "relative_error": 1.9270332185683525e-05, "component_errors": [4.470561636854553e-07, 3.1998990851489495e-07, 8.112641666736461e-09, 4.2892721579396165e-10, 8.151491111881709e-10, 0.0, 1.1067982773636581e-10, 1.9270332185683525e-05], "passed": false}], "passed": true}, {"direction": "currents", "checks": [{"step": 1e-05, "relative_error": 1.4743912916681683e-07, "component_errors": [2.22491247647838e-10, 1.4743912916681683e-07, 0.0, 0.0, 0.0, 0.0, 3.586846062550195e-14, 1.0236903192495975e-09], "passed": true}, {"step": 1e-06, "relative_error": 1.5501603656154693e-08, "component_errors": [1.0209586509546398e-09, 6.808515902565893e-09, 0.0, 0.0, 0.0, 0.0, 8.314932773893714e-13, 1.5501603656154693e-08], "passed": true}, {"step": 1e-07, "relative_error": 3.312054347801785e-07, "component_errors": [4.54298796359609e-08, 7.839798465445268e-08, 0.0, 0.0, 0.0, 0.0, 5.168301967331389e-12, 3.312054347801785e-07], "passed": true}, {"step": 1e-08, "relative_error": 5.628405229180564e-06, "component_errors": [5.13943996027777e-07, 2.0580954725173635e-07, 0.0, 0.0, 0.0, 0.0, 1.5261979742536e-10, 5.533653690302851e-06], "passed": true}], "passed": true}, {"direction": "shape", "checks": [{"step": 1e-05, "relative_error": 2.1710594322321697e-08, "component_errors": [2.6340596717688847e-10, 4.028704453373777e-10, 9.0824382194786e-11, 1.8939281566654476e-11, 1.4028978727190569e-08, 0.0, 1.2644236108442716e-13, 2.1710594322321697e-08], "passed": true}, {"step": 1e-06, "relative_error": 1.999090756266142e-07, "component_errors": [4.2440995093318e-09, 1.7183062264725102e-08, 4.0267666393152546e-10, 1.946031456638575e-10, 4.110221408018533e-10, 0.0, 8.203317548632818e-13, 1.8797759460120744e-07], "passed": true}, {"step": 1e-07, "relative_error": 9.623949970283263e-08, "component_errors": [2.6004470791984868e-08, 2.9617560140526855e-08, 7.822142002915713e-09, 4.0237889929739534e-10, 1.001203358066971e-09, 0.0, 2.6491151970903324e-12, 9.623949970283263e-08], "passed": true}, {"step": 1e-08, "relative_error": 2.3281316077872205e-05, "component_errors": [1.5795642502314244e-09, 1.8355571212297361e-06, 2.5077363057434895e-08, 1.5678168909828705e-08, 9.109034840000876e-09, 0.0, 1.1322732576974368e-11, 2.1412521572505838e-05], "passed": false}], "passed": true}], "passed": true}
{"phase": "fit_start", "elapsed_s": 147.71045585907996, "objective": 148.57938790874238, "gradient_check_error": 2.1710594322321697e-08, "limits": {"max_length_m": 71.58777355100058, "max_curvature_per_m": 0.6856318365509855, "min_coil_coil_m": 1.1558637264840923, "min_coil_plasma_m": 2.3171028264479103}}
{"phase": "fit_progress", "elapsed_s": 160.25201741233468, "iteration": 25, "objective": 145.52285355648792, "frozen_delbsq": 0.011224763482649884}
{"phase": "fit_progress", "elapsed_s": 172.14328995533288, "iteration": 50, "objective": 142.80294274037578, "frozen_delbsq": 0.01102224866924407}
{"phase": "fit_progress", "elapsed_s": 184.10325122065842, "iteration": 75, "objective": 140.6753527913658, "frozen_delbsq": 0.01083634535174961}
{"phase": "fit_progress", "elapsed_s": 196.3918311353773, "iteration": 100, "objective": 137.7547819391136, "frozen_delbsq": 0.010614978917408955}
{"phase": "fit_progress", "elapsed_s": 207.4380471315235, "iteration": 125, "objective": 137.00690405842914, "frozen_delbsq": 0.010571065221146007}
{"phase": "fit_progress", "elapsed_s": 221.75898882746696, "iteration": 150, "objective": 136.30491670697904, "frozen_delbsq": 0.010539562752089211}
{"phase": "fit_progress", "elapsed_s": 234.1886585392058, "iteration": 175, "objective": 135.60767671340244, "frozen_delbsq": 0.010555943953081723}
{"phase": "fit_progress", "elapsed_s": 244.79721463099122, "iteration": 200, "objective": 134.59795528474052, "frozen_delbsq": 0.010454621669673985}
{"phase": "fit_progress", "elapsed_s": 257.2930353563279, "iteration": 225, "objective": 133.73724586540067, "frozen_delbsq": 0.010379083328464564}
{"phase": "fit_progress", "elapsed_s": 269.3770321793854, "iteration": 250, "objective": 132.33045735100762, "frozen_delbsq": 0.01027514999112443}
{"phase": "fit_progress", "elapsed_s": 279.69170559197664, "iteration": 275, "objective": 131.15170708988487, "frozen_delbsq": 0.010207740503662762}
{"phase": "fit_progress", "elapsed_s": 294.1347708813846, "iteration": 300, "objective": 130.51836143393388, "frozen_delbsq": 0.010130919451257783}
{"phase": "fit_progress", "elapsed_s": 307.7201863117516, "iteration": 325, "objective": 128.86756365030143, "frozen_delbsq": 0.009956620383317422}
{"phase": "fit_progress", "elapsed_s": 321.6624448951334, "iteration": 350, "objective": 128.44398136337557, "frozen_delbsq": 0.00989059772320726}
{"phase": "fit_progress", "elapsed_s": 334.96292305924, "iteration": 375, "objective": 127.99436506417312, "frozen_delbsq": 0.009825431452758488}
{"phase": "fit_progress", "elapsed_s": 346.5837330836803, "iteration": 400, "objective": 127.34306722255445, "frozen_delbsq": 0.009790945078086128}
{"phase": "fit_progress", "elapsed_s": 360.09503242373466, "iteration": 425, "objective": 127.13169822962865, "frozen_delbsq": 0.009819871870343532}
{"phase": "fit_progress", "elapsed_s": 373.5406934916973, "iteration": 450, "objective": 126.93970520275882, "frozen_delbsq": 0.009800345917550034}
{"phase": "fit_progress", "elapsed_s": 384.6515907999128, "iteration": 475, "objective": 126.52295499324717, "frozen_delbsq": 0.009783439532085327}
{"phase": "fit_progress", "elapsed_s": 398.70262339524925, "iteration": 500, "objective": 126.23434605578707, "frozen_delbsq": 0.009790346303317134}
{"phase": "fit_progress", "elapsed_s": 411.9382027108222, "iteration": 525, "objective": 126.01617934956194, "frozen_delbsq": 0.009742144130335088}
{"phase": "fit_progress", "elapsed_s": 425.3212101124227, "iteration": 550, "objective": 125.6785721186173, "frozen_delbsq": 0.009740242688305195}
{"phase": "fit_progress", "elapsed_s": 438.06226041540504, "iteration": 575, "objective": 125.23486533520524, "frozen_delbsq": 0.009718134661035834}
{"phase": "fit_progress", "elapsed_s": 453.7728158868849, "iteration": 600, "objective": 124.44767382845934, "frozen_delbsq": 0.009572674679031631}
{"phase": "fit_progress", "elapsed_s": 467.5143509116024, "iteration": 625, "objective": 123.86848404943278, "frozen_delbsq": 0.009523630307338736}
{"phase": "fit_progress", "elapsed_s": 482.8044937495142, "iteration": 650, "objective": 123.69606094695817, "frozen_delbsq": 0.009470934624040727}
{"phase": "fit_progress", "elapsed_s": 496.99821649491787, "iteration": 675, "objective": 123.47040375939298, "frozen_delbsq": 0.009493834731310668}
{"phase": "fit_progress", "elapsed_s": 511.6338770836592, "iteration": 700, "objective": 123.3058029501731, "frozen_delbsq": 0.009511123270828547}
{"phase": "fit_progress", "elapsed_s": 525.2583599574864, "iteration": 725, "objective": 123.24947351100005, "frozen_delbsq": 0.00951449795992746}
{"phase": "fit_progress", "elapsed_s": 539.734375519678, "iteration": 750, "objective": 122.9766758630742, "frozen_delbsq": 0.009506150904550542}
{"phase": "fit_progress", "elapsed_s": 551.0504646748304, "iteration": 775, "objective": 122.82025146422534, "frozen_delbsq": 0.009482665525092998}
{"phase": "fit_progress", "elapsed_s": 563.3791248239577, "iteration": 800, "objective": 122.71896995828004, "frozen_delbsq": 0.009474581735414512}
{"phase": "fit_progress", "elapsed_s": 580.6265493519604, "iteration": 825, "objective": 122.57530132772484, "frozen_delbsq": 0.00945561475044416}
{"phase": "fit_progress", "elapsed_s": 595.4822247941047, "iteration": 850, "objective": 122.21686944235532, "frozen_delbsq": 0.009414348706062493}
{"phase": "fit_progress", "elapsed_s": 611.490604236722, "iteration": 875, "objective": 121.98863854796689, "frozen_delbsq": 0.009367229948319702}
{"phase": "fit_progress", "elapsed_s": 623.5385849401355, "iteration": 900, "objective": 121.7975138343972, "frozen_delbsq": 0.009383420389232748}
{"phase": "fit_progress", "elapsed_s": 638.1343836709857, "iteration": 925, "objective": 121.72279354718412, "frozen_delbsq": 0.009375972132756738}
{"phase": "fit_progress", "elapsed_s": 648.9475700538605, "iteration": 950, "objective": 121.65429272772852, "frozen_delbsq": 0.009385355395865595}
{"phase": "fit_progress", "elapsed_s": 659.5418565832078, "iteration": 975, "objective": 121.2746051796849, "frozen_delbsq": 0.009311712780151856}
{"phase": "fit_progress", "elapsed_s": 676.7880652807653, "iteration": 1000, "objective": 121.1349413764932, "frozen_delbsq": 0.009322638562482707}
{"phase": "fit_end", "elapsed_s": 678.0215563587844, "iterations": 1000, "objective": 121.1349413764932, "optimizer_success": false, "message": "STOP: TOTAL NO. OF ITERATIONS REACHED LIMIT"}
{"phase": "virtual_casing_start", "elapsed_s": 678.0216410178691, "grid": 48, "digits": 6}
{"phase": "virtual_casing_end", "elapsed_s": 684.2689242791384, "grid": 48, "digits": 6, "plasma_Bn_rms_T": 0.254546835740149, "interior_tangency_max": 2.4486981598704836e-16}
{"phase": "virtual_casing_start", "elapsed_s": 684.26915919967, "grid": 48, "digits": 6}
{"phase": "virtual_casing_end", "elapsed_s": 710.0465082842857, "grid": 48, "digits": 6, "plasma_Bn_rms_T": 0.2545468387249388, "interior_tangency_max": 2.4486981598704836e-16}
{"phase": "finished", "elapsed_s": 714.1028826348484, "frozen_nestor_delbsq": 0.009322638562482707, "fixed_state_unchanged": true, "ordinary_equilibrium_solves": 0, "completed": true, "virtual_casing_pass": true, "qualified_for_free_boundary_trial": false, "eligible_for_frozen_nestor_check": true, "optimizer_success": false, "optimizer_message": "STOP: TOTAL NO. OF ITERATIONS REACHED LIMIT", "iterations": 1000, "objective_initial": 148.57938790874238, "objective_final": 121.1349413764932, "field_gates_passed": true, "geometry_gates_passed": true, "initial_validation": {"normal_rms": 0.002794129587332805, "normal_max": 0.009975245267172314, "relative_pressure_jump": 0.0055923659824725705, "max_length_m": 70.87330981600414, "max_curvature_per_m": 0.6818450834632639, "min_coil_coil_m": 1.3624287059476683, "min_coil_plasma_m": 2.8798309427333844}, "final_validation_256": {"normal_rms": 0.004501250539316804, "normal_max": 0.011473449169234842, "relative_pressure_jump": 0.0046885601414062335, "max_length_m": 70.88229052381125, "max_curvature_per_m": 0.6820448611562551, "min_coil_coil_m": 1.3992017970289528, "min_coil_plasma_m": 2.692862333838182}, "production_validation_75": {"normal_rms": 0.004501250542703004, "normal_max": 0.011473449169192044, "relative_pressure_jump": 0.004688560137230468, "max_length_m": 70.88229052381166, "max_curvature_per_m": 0.681961861211158, "min_coil_coil_m": 1.4158386181862503, "min_coil_plasma_m": 2.690739685134893}, "seconds": 714.1017865762115, "free_boundary_validated": false, "base_currents_A": [17747087.05841199, 26196268.74392231, 21573482.42523515, 16714065.097581374]}
