{"phase": "virtual_casing_start", "elapsed_s": 7.674098014831543e-06, "grid": 48, "digits": 5}
{"phase": "virtual_casing_end", "elapsed_s": 21.68943092226982, "grid": 48, "digits": 5, "plasma_Bn_rms_T": 0.25454683574014897, "interior_tangency_max": 2.4486981598704836e-16}
{"phase": "gradient_check", "elapsed_s": 41.97468078881502, "checks": [{"direction": "all", "checks": [{"step": 0.0001, "relative_error": 3.096361442800344e-07, "component_errors": [6.566140964281431e-10, 2.0472320505504626e-08, 9.546033993661218e-12, 8.746552961069742e-12, 2.8822183892055823e-07, 0.0, 0.0], "passed": true}, {"step": 1e-05, "relative_error": 7.748215402614278e-10, "component_errors": [6.388505280341406e-10, 3.82108789054314e-10, 5.8098220570394765e-11, 1.4603192786954988e-11, 5.901986485664563e-10, 0.0, 0.0], "passed": true}, {"step": 1e-06, "relative_error": 2.7286007161683686e-08, "component_errors": [4.68006233766971e-09, 6.723318568546688e-09, 5.011215240512124e-10, 1.3409225466110009e-10, 2.7286007161683686e-08, 0.0, 0.0], "passed": true}, {"step": 1e-07, "relative_error": 3.790154857741257e-07, "component_errors": [2.4664076780922528e-08, 4.313863377625182e-08, 4.931266468517076e-09, 1.9021766444957122e-09, 3.177325008148008e-07, 0.0, 0.0], "passed": true}], "passed": true}, {"direction": "currents", "checks": [{"step": 0.0001, "relative_error": 4.859244518933929e-06, "component_errors": [2.263984984758011e-11, 2.6859334856129823e-06, 0.0, 0.0, 0.0, 0.0, 0.0], "passed": true}, {"step": 1e-05, "relative_error": 4.90569451089718e-08, "component_errors": [9.042420045784843e-11, 2.715663037500071e-08, 0.0, 0.0, 0.0, 0.0, 0.0], "passed": true}, {"step": 1e-06, "relative_error": 7.012790502336696e-09, "component_errors": [1.5816475846527174e-09, 3.1689213519606053e-09, 0.0, 0.0, 0.0, 0.0, 0.0], "passed": true}, {"step": 1e-07, "relative_error": 3.8729392611896834e-08, "component_errors": [8.429178946559659e-09, 2.5177598603429928e-08, 0.0, 0.0, 0.0, 0.0, 0.0], "passed": true}], "passed": true}, {"direction": "shape", "checks": [{"step": 0.0001, "relative_error": 2.915759873868707e-07, "component_errors": [5.02224373200022e-11, 5.9685908992968e-11, 1.3463175019268192e-11, 8.818353599421291e-12, 2.915759873868707e-07, 0.0, 0.0], "passed": true}, {"step": 1e-05, "relative_error": 3.1667596323003977e-10, "component_errors": [3.1667596323003977e-10, 8.63312581145248e-11, 6.526874082434658e-11, 1.2450041431827374e-11, 2.089499086209067e-11, 0.0, 0.0], "passed": true}, {"step": 1e-06, "relative_error": 3.046611072002131e-08, "component_errors": [4.168625056255593e-09, 1.0838263300727569e-08, 3.2235318711201777e-10, 6.880345728918491e-11, 3.046611072002131e-08, 0.0, 0.0], "passed": true}, {"step": 1e-07, "relative_error": 1.7870398462405124e-07, "component_errors": [6.989382811406486e-08, 1.7870398462405124e-07, 1.4075492521525845e-08, 3.204844150478392e-10, 1.0810473914118896e-07, 0.0, 0.0], "passed": true}], "passed": true}], "passed": true}
{"phase": "fit_start", "elapsed_s": 48.518615962937474, "objective": 23.33923179758637, "gradient_check_error": 7.012790502336696e-09, "limits": {"max_length_m": 71.58777355100058, "max_curvature_per_m": 0.6856318365509855, "min_coil_coil_m": 1.1558637264840923, "min_coil_plasma_m": 2.3171028264479103}}
{"phase": "fit_progress", "elapsed_s": 48.69689870811999, "iteration": 25, "objective": 23.246708807997603}
{"phase": "fit_progress", "elapsed_s": 48.86893357522786, "iteration": 50, "objective": 23.1800592977953}
{"phase": "fit_progress", "elapsed_s": 49.05729773454368, "iteration": 75, "objective": 23.07688481207657}
{"phase": "fit_progress", "elapsed_s": 49.22209863550961, "iteration": 100, "objective": 22.918944327723132}
{"phase": "fit_progress", "elapsed_s": 49.38346999883652, "iteration": 125, "objective": 22.77550747365254}
{"phase": "fit_progress", "elapsed_s": 49.55221742019057, "iteration": 150, "objective": 22.603041403297137}
{"phase": "fit_progress", "elapsed_s": 49.82163721509278, "iteration": 175, "objective": 22.50801175358019}
{"phase": "fit_progress", "elapsed_s": 49.98629713058472, "iteration": 200, "objective": 22.342855445049086}
{"phase": "fit_progress", "elapsed_s": 50.18433343991637, "iteration": 225, "objective": 22.173579133070813}
{"phase": "fit_progress", "elapsed_s": 50.36682100407779, "iteration": 250, "objective": 21.94794546467297}
{"phase": "fit_progress", "elapsed_s": 50.55852705426514, "iteration": 275, "objective": 21.747806057537186}
{"phase": "fit_progress", "elapsed_s": 50.73345560207963, "iteration": 300, "objective": 21.602837134281124}
{"phase": "fit_progress", "elapsed_s": 50.98489864356816, "iteration": 325, "objective": 21.422723288147335}
{"phase": "fit_progress", "elapsed_s": 51.148770762607455, "iteration": 350, "objective": 21.295781763119294}
{"phase": "fit_progress", "elapsed_s": 51.30757355503738, "iteration": 375, "objective": 21.138267479231086}
{"phase": "fit_progress", "elapsed_s": 51.51565578952432, "iteration": 400, "objective": 21.033529463936127}
{"phase": "fit_progress", "elapsed_s": 51.79412346705794, "iteration": 425, "objective": 20.89923020980464}
{"phase": "fit_progress", "elapsed_s": 51.970670672133565, "iteration": 450, "objective": 20.77397082810216}
{"phase": "fit_progress", "elapsed_s": 52.141351675614715, "iteration": 475, "objective": 20.639944366917767}
{"phase": "fit_progress", "elapsed_s": 52.46649379841983, "iteration": 500, "objective": 20.54250498767335}
{"phase": "fit_progress", "elapsed_s": 52.64781965687871, "iteration": 525, "objective": 20.494374227577744}
{"phase": "fit_progress", "elapsed_s": 52.83431217819452, "iteration": 550, "objective": 20.43478878396453}
{"phase": "fit_progress", "elapsed_s": 53.01501146517694, "iteration": 575, "objective": 20.339955874976983}
{"phase": "fit_progress", "elapsed_s": 53.25045249797404, "iteration": 600, "objective": 20.249889005065484}
{"phase": "fit_progress", "elapsed_s": 53.41432870365679, "iteration": 625, "objective": 20.167168307767625}
{"phase": "fit_progress", "elapsed_s": 53.686787681654096, "iteration": 650, "objective": 19.87834600261045}
{"phase": "fit_progress", "elapsed_s": 53.84556781873107, "iteration": 675, "objective": 19.75536399954083}
{"phase": "fit_progress", "elapsed_s": 54.01500027999282, "iteration": 700, "objective": 19.67569694699395}
{"phase": "fit_progress", "elapsed_s": 54.184600902721286, "iteration": 725, "objective": 19.610907688988057}
{"phase": "fit_progress", "elapsed_s": 54.35427230224013, "iteration": 750, "objective": 19.5683744777368}
{"phase": "fit_progress", "elapsed_s": 54.51305572502315, "iteration": 775, "objective": 19.52494866277811}
{"phase": "fit_progress", "elapsed_s": 54.68813903816044, "iteration": 800, "objective": 19.494143053179158}
{"phase": "fit_progress", "elapsed_s": 54.85745975933969, "iteration": 825, "objective": 19.445286846257563}
{"phase": "fit_progress", "elapsed_s": 55.037362875416875, "iteration": 850, "objective": 19.40881986860089}
{"phase": "fit_progress", "elapsed_s": 55.237654564902186, "iteration": 875, "objective": 19.373831572765628}
{"phase": "fit_progress", "elapsed_s": 55.40747096762061, "iteration": 900, "objective": 19.317887658008576}
{"phase": "fit_progress", "elapsed_s": 55.59861792996526, "iteration": 925, "objective": 19.287518965452744}
{"phase": "fit_progress", "elapsed_s": 55.78445095010102, "iteration": 950, "objective": 19.26880878653419}
{"phase": "fit_progress", "elapsed_s": 55.954252595081925, "iteration": 975, "objective": 19.247547794942413}
{"phase": "fit_progress", "elapsed_s": 56.12035618722439, "iteration": 1000, "objective": 19.23217044447571}
{"phase": "fit_progress", "elapsed_s": 56.29648697003722, "iteration": 1025, "objective": 19.22072513067378}
{"phase": "fit_progress", "elapsed_s": 56.550124038010836, "iteration": 1050, "objective": 19.20760999330515}
{"phase": "fit_progress", "elapsed_s": 56.725597055628896, "iteration": 1075, "objective": 19.197583264979148}
{"phase": "fit_progress", "elapsed_s": 56.879109958186746, "iteration": 1100, "objective": 19.18449416949027}
{"phase": "fit_progress", "elapsed_s": 57.03792367503047, "iteration": 1125, "objective": 19.172125985153404}
{"phase": "fit_progress", "elapsed_s": 57.233953511342406, "iteration": 1150, "objective": 19.159220264464334}
{"phase": "fit_progress", "elapsed_s": 57.436202090233564, "iteration": 1175, "objective": 19.136887186324117}
{"phase": "fit_progress", "elapsed_s": 57.63654663413763, "iteration": 1200, "objective": 19.121603130524853}
{"phase": "fit_progress", "elapsed_s": 57.80946923047304, "iteration": 1225, "objective": 19.106698030822244}
{"phase": "fit_progress", "elapsed_s": 57.97606122866273, "iteration": 1250, "objective": 19.097173631609557}
{"phase": "fit_progress", "elapsed_s": 58.14281631819904, "iteration": 1275, "objective": 19.081238531853288}
{"phase": "fit_progress", "elapsed_s": 58.3470247592777, "iteration": 1300, "objective": 19.068369742155646}
{"phase": "fit_progress", "elapsed_s": 58.52186834253371, "iteration": 1325, "objective": 19.059544567673303}
{"phase": "fit_progress", "elapsed_s": 58.691796915605664, "iteration": 1350, "objective": 19.047450529741177}
{"phase": "fit_progress", "elapsed_s": 58.855724554508924, "iteration": 1375, "objective": 19.035977961924097}
{"phase": "fit_progress", "elapsed_s": 59.01979360729456, "iteration": 1400, "objective": 19.02435507748928}
{"phase": "fit_progress", "elapsed_s": 59.183905236423016, "iteration": 1425, "objective": 19.01640099301574}
{"phase": "fit_progress", "elapsed_s": 59.34242163412273, "iteration": 1450, "objective": 19.007634256840095}
{"phase": "fit_progress", "elapsed_s": 59.52801180444658, "iteration": 1475, "objective": 19.002883990844456}
{"phase": "fit_progress", "elapsed_s": 59.73044463060796, "iteration": 1500, "objective": 18.9941371561654}
{"phase": "fit_progress", "elapsed_s": 59.92085924744606, "iteration": 1525, "objective": 18.98827800506567}
{"phase": "fit_progress", "elapsed_s": 60.103056313470006, "iteration": 1550, "objective": 18.982488362165935}
{"phase": "fit_progress", "elapsed_s": 60.282097078859806, "iteration": 1575, "objective": 18.978690533622814}
{"phase": "fit_progress", "elapsed_s": 60.45225675776601, "iteration": 1600, "objective": 18.974699299492418}
{"phase": "fit_progress", "elapsed_s": 60.678087182343006, "iteration": 1625, "objective": 18.968182252058014}
{"phase": "fit_progress", "elapsed_s": 60.87073169089854, "iteration": 1650, "objective": 18.94404523002631}
{"phase": "fit_progress", "elapsed_s": 61.07481483928859, "iteration": 1675, "objective": 18.925368222349043}
{"phase": "fit_progress", "elapsed_s": 61.25652773864567, "iteration": 1700, "objective": 18.91778915998685}
{"phase": "fit_progress", "elapsed_s": 61.426991971209645, "iteration": 1725, "objective": 18.91183412907269}
{"phase": "fit_progress", "elapsed_s": 61.59720924310386, "iteration": 1750, "objective": 18.906619709787666}
{"phase": "fit_progress", "elapsed_s": 61.77062739804387, "iteration": 1775, "objective": 18.900903725403392}
{"phase": "fit_progress", "elapsed_s": 61.9456627573818, "iteration": 1800, "objective": 18.89098219479111}
{"phase": "fit_progress", "elapsed_s": 62.11016724258661, "iteration": 1825, "objective": 18.884835841239305}
{"phase": "fit_progress", "elapsed_s": 62.376332161948085, "iteration": 1850, "objective": 18.87844769750931}
{"phase": "fit_progress", "elapsed_s": 62.54796185530722, "iteration": 1875, "objective": 18.868374125235604}
{"phase": "fit_progress", "elapsed_s": 62.71860387921333, "iteration": 1900, "objective": 18.854422411507315}
{"phase": "fit_progress", "elapsed_s": 62.91696389019489, "iteration": 1925, "objective": 18.83500987501784}
{"phase": "fit_progress", "elapsed_s": 63.14135707728565, "iteration": 1950, "objective": 18.821636053129684}
{"phase": "fit_progress", "elapsed_s": 63.35404726304114, "iteration": 1975, "objective": 18.80408237547274}
{"phase": "fit_progress", "elapsed_s": 63.55644954368472, "iteration": 2000, "objective": 18.795986891686866}
{"phase": "fit_progress", "elapsed_s": 63.75397351011634, "iteration": 2025, "objective": 18.78839857351616}
{"phase": "fit_progress", "elapsed_s": 63.96295418962836, "iteration": 2050, "objective": 18.780823281235865}
{"phase": "fit_progress", "elapsed_s": 64.13563930615783, "iteration": 2075, "objective": 18.772788105479535}
{"phase": "fit_progress", "elapsed_s": 64.30074892751873, "iteration": 2100, "objective": 18.76665951752208}
{"phase": "fit_progress", "elapsed_s": 64.46153343468904, "iteration": 2125, "objective": 18.76009495164206}
{"phase": "fit_progress", "elapsed_s": 64.6340963691473, "iteration": 2150, "objective": 18.757300963176338}
{"phase": "fit_progress", "elapsed_s": 64.79006844572723, "iteration": 2175, "objective": 18.753780657792696}
{"phase": "fit_progress", "elapsed_s": 64.9678148869425, "iteration": 2200, "objective": 18.74501672762786}
{"phase": "fit_progress", "elapsed_s": 65.14898427575827, "iteration": 2225, "objective": 18.73327735404088}
{"phase": "fit_progress", "elapsed_s": 65.32739063538611, "iteration": 2250, "objective": 18.729902307529915}
{"phase": "fit_progress", "elapsed_s": 65.57257057540119, "iteration": 2275, "objective": 18.723275202404057}
{"phase": "fit_progress", "elapsed_s": 65.73012085817754, "iteration": 2300, "objective": 18.718091449044465}
{"phase": "fit_progress", "elapsed_s": 65.9109748788178, "iteration": 2325, "objective": 18.70871560477255}
{"phase": "fit_progress", "elapsed_s": 66.20088979415596, "iteration": 2350, "objective": 18.705903430147547}
{"phase": "fit_progress", "elapsed_s": 66.38168799318373, "iteration": 2375, "objective": 18.7024222389099}
{"phase": "fit_progress", "elapsed_s": 66.57608063146472, "iteration": 2400, "objective": 18.694766294743165}
{"phase": "fit_progress", "elapsed_s": 66.82504980266094, "iteration": 2425, "objective": 18.68908379020397}
{"phase": "fit_progress", "elapsed_s": 66.99598567001522, "iteration": 2450, "objective": 18.68490569622199}
{"phase": "fit_progress", "elapsed_s": 67.17350761406124, "iteration": 2475, "objective": 18.680705782019892}
{"phase": "fit_progress", "elapsed_s": 67.36152773350477, "iteration": 2500, "objective": 18.673969024800485}
{"phase": "fit_progress", "elapsed_s": 67.51546791754663, "iteration": 2525, "objective": 18.662013959848778}
{"phase": "fit_progress", "elapsed_s": 67.69726411439478, "iteration": 2550, "objective": 18.650954126314616}
{"phase": "fit_progress", "elapsed_s": 67.90440447442234, "iteration": 2575, "objective": 18.644987059979567}
{"phase": "fit_progress", "elapsed_s": 68.1225709784776, "iteration": 2600, "objective": 18.63752696938282}
{"phase": "fit_progress", "elapsed_s": 68.28714889101684, "iteration": 2625, "objective": 18.63286118256644}
{"phase": "fit_progress", "elapsed_s": 68.48892316222191, "iteration": 2650, "objective": 18.628903008034236}
{"phase": "fit_progress", "elapsed_s": 68.7624252140522, "iteration": 2675, "objective": 18.62473168201767}
{"phase": "fit_progress", "elapsed_s": 69.04806581512094, "iteration": 2700, "objective": 18.62030338397435}
{"phase": "fit_progress", "elapsed_s": 69.28478856012225, "iteration": 2725, "objective": 18.613847894665728}
{"phase": "fit_progress", "elapsed_s": 69.47402001544833, "iteration": 2750, "objective": 18.608027722509444}
{"phase": "fit_progress", "elapsed_s": 69.63806003332138, "iteration": 2775, "objective": 18.603578847455285}
{"phase": "fit_progress", "elapsed_s": 69.80193386599422, "iteration": 2800, "objective": 18.594422399867106}
{"phase": "fit_progress", "elapsed_s": 70.04213486425579, "iteration": 2825, "objective": 18.58293821630944}
{"phase": "fit_progress", "elapsed_s": 70.22279927879572, "iteration": 2850, "objective": 18.574899541550792}
{"phase": "fit_progress", "elapsed_s": 70.39271535538137, "iteration": 2875, "objective": 18.56754617016175}
{"phase": "fit_progress", "elapsed_s": 70.61486216634512, "iteration": 2900, "objective": 18.560452346607413}
{"phase": "fit_progress", "elapsed_s": 70.79239616729319, "iteration": 2925, "objective": 18.552239806569304}
{"phase": "fit_progress", "elapsed_s": 71.08635932765901, "iteration": 2950, "objective": 18.543308105711944}
{"phase": "fit_progress", "elapsed_s": 71.2556804548949, "iteration": 2975, "objective": 18.533565644342907}
{"phase": "fit_progress", "elapsed_s": 71.42492710053921, "iteration": 3000, "objective": 18.52640365875661}
{"phase": "fit_progress", "elapsed_s": 71.61069958284497, "iteration": 3025, "objective": 18.51460788584465}
{"phase": "fit_progress", "elapsed_s": 71.80576740391552, "iteration": 3050, "objective": 18.50412756830391}
{"phase": "fit_progress", "elapsed_s": 71.98621859960258, "iteration": 3075, "objective": 18.49351427659209}
{"phase": "fit_progress", "elapsed_s": 72.15534433536232, "iteration": 3100, "objective": 18.486966167681864}
{"phase": "fit_progress", "elapsed_s": 72.32950292341411, "iteration": 3125, "objective": 18.476297459780707}
{"phase": "fit_progress", "elapsed_s": 72.53667127527297, "iteration": 3150, "objective": 18.464664687318418}
{"phase": "fit_progress", "elapsed_s": 72.70311793126166, "iteration": 3175, "objective": 18.45696347151125}
{"phase": "fit_progress", "elapsed_s": 72.89044740609825, "iteration": 3200, "objective": 18.450054417515716}
{"phase": "fit_progress", "elapsed_s": 73.06115629896522, "iteration": 3225, "objective": 18.44136989503765}
{"phase": "fit_progress", "elapsed_s": 73.23644417151809, "iteration": 3250, "objective": 18.43043600512011}
{"phase": "fit_progress", "elapsed_s": 73.54310968145728, "iteration": 3275, "objective": 18.42413556557079}
{"phase": "fit_progress", "elapsed_s": 73.71576929464936, "iteration": 3300, "objective": 18.418939482198596}
{"phase": "fit_progress", "elapsed_s": 73.88853953033686, "iteration": 3325, "objective": 18.416446138512956}
{"phase": "fit_progress", "elapsed_s": 74.01782792434096, "iteration": 3350, "objective": 18.41341895760907}
{"phase": "fit_progress", "elapsed_s": 74.19803267903626, "iteration": 3375, "objective": 18.408262873620036}
{"phase": "fit_progress", "elapsed_s": 74.35431698895991, "iteration": 3400, "objective": 18.403161702482244}
{"phase": "fit_progress", "elapsed_s": 74.50174349546432, "iteration": 3425, "objective": 18.400898635620848}
{"phase": "fit_progress", "elapsed_s": 74.64912432432175, "iteration": 3450, "objective": 18.398253977248938}
{"phase": "fit_progress", "elapsed_s": 74.77427750639617, "iteration": 3475, "objective": 18.392700976686832}
{"phase": "fit_progress", "elapsed_s": 74.89928617700934, "iteration": 3500, "objective": 18.38454454996492}
{"phase": "fit_progress", "elapsed_s": 75.15809726715088, "iteration": 3525, "objective": 18.376464033571377}
{"phase": "fit_progress", "elapsed_s": 75.28738844022155, "iteration": 3550, "objective": 18.371160332146033}
{"phase": "fit_progress", "elapsed_s": 75.4167118165642, "iteration": 3575, "objective": 18.36801906053291}
{"phase": "fit_progress", "elapsed_s": 75.55205010250211, "iteration": 3600, "objective": 18.36625041834646}
{"phase": "fit_progress", "elapsed_s": 75.6881515327841, "iteration": 3625, "objective": 18.36414571724575}
{"phase": "fit_progress", "elapsed_s": 75.8147003389895, "iteration": 3650, "objective": 18.35891372006948}
{"phase": "fit_progress", "elapsed_s": 76.01322482340038, "iteration": 3675, "objective": 18.35492679964811}
{"phase": "fit_progress", "elapsed_s": 76.15666723437607, "iteration": 3700, "objective": 18.352926328043377}
{"phase": "fit_progress", "elapsed_s": 76.28889350220561, "iteration": 3725, "objective": 18.350035276939884}
{"phase": "fit_progress", "elapsed_s": 76.45948031917214, "iteration": 3750, "objective": 18.34860304280379}
{"phase": "fit_progress", "elapsed_s": 76.61826828494668, "iteration": 3775, "objective": 18.346176101463293}
{"phase": "fit_progress", "elapsed_s": 76.7888496350497, "iteration": 3800, "objective": 18.34252825332127}
{"phase": "fit_progress", "elapsed_s": 76.95401494950056, "iteration": 3825, "objective": 18.34090734197988}
{"phase": "fit_progress", "elapsed_s": 77.12404708750546, "iteration": 3850, "objective": 18.335845114459076}
{"phase": "fit_progress", "elapsed_s": 77.3808180782944, "iteration": 3875, "objective": 18.333526747249575}
{"phase": "fit_progress", "elapsed_s": 77.52079435624182, "iteration": 3900, "objective": 18.330962786889014}
{"phase": "fit_progress", "elapsed_s": 77.66349515132606, "iteration": 3925, "objective": 18.328990122154927}
{"phase": "fit_progress", "elapsed_s": 77.78895012289286, "iteration": 3950, "objective": 18.32694076594997}
{"phase": "fit_progress", "elapsed_s": 77.91902053542435, "iteration": 3975, "objective": 18.324179112716102}
{"phase": "fit_progress", "elapsed_s": 78.03954631090164, "iteration": 4000, "objective": 18.32107821963385}
{"phase": "fit_progress", "elapsed_s": 78.15998324938118, "iteration": 4025, "objective": 18.319511806962073}
{"phase": "fit_progress", "elapsed_s": 78.285190673545, "iteration": 4050, "objective": 18.317118287251468}
{"phase": "fit_progress", "elapsed_s": 78.42875069193542, "iteration": 4075, "objective": 18.313878173306325}
{"phase": "fit_progress", "elapsed_s": 78.57409194298089, "iteration": 4100, "objective": 18.311408685899867}
{"phase": "fit_progress", "elapsed_s": 78.75254464522004, "iteration": 4125, "objective": 18.30788808933619}
{"phase": "fit_progress", "elapsed_s": 78.93656342662871, "iteration": 4150, "objective": 18.305605127999527}
{"phase": "fit_progress", "elapsed_s": 79.14932147040963, "iteration": 4175, "objective": 18.302999478968342}
{"phase": "fit_progress", "elapsed_s": 79.31634995900095, "iteration": 4200, "objective": 18.3000848710606}
{"phase": "fit_progress", "elapsed_s": 79.49967533163726, "iteration": 4225, "objective": 18.298637462482677}
{"phase": "fit_progress", "elapsed_s": 79.73182197473943, "iteration": 4250, "objective": 18.297056750329283}
{"phase": "fit_progress", "elapsed_s": 79.89013473503292, "iteration": 4275, "objective": 18.295369975473843}
{"phase": "fit_progress", "elapsed_s": 80.06873468309641, "iteration": 4300, "objective": 18.294097677107416}
{"phase": "fit_progress", "elapsed_s": 80.24602314271033, "iteration": 4325, "objective": 18.292801348582124}
{"phase": "fit_progress", "elapsed_s": 80.41609422303736, "iteration": 4350, "objective": 18.29145786529637}
{"phase": "fit_progress", "elapsed_s": 80.56904473900795, "iteration": 4375, "objective": 18.290297074347333}
{"phase": "fit_progress", "elapsed_s": 80.73008045554161, "iteration": 4400, "objective": 18.28946481287109}
{"phase": "fit_progress", "elapsed_s": 80.91469405032694, "iteration": 4425, "objective": 18.287547004831747}
{"phase": "fit_progress", "elapsed_s": 81.07840106450021, "iteration": 4450, "objective": 18.285456157786076}
{"phase": "fit_progress", "elapsed_s": 81.28508956730366, "iteration": 4475, "objective": 18.283363830228907}
{"phase": "fit_progress", "elapsed_s": 81.44946098327637, "iteration": 4500, "objective": 18.282261261646852}
{"phase": "fit_progress", "elapsed_s": 81.63306160829961, "iteration": 4525, "objective": 18.280590943485365}
{"phase": "fit_progress", "elapsed_s": 81.79975294694304, "iteration": 4550, "objective": 18.27960814698833}
{"phase": "fit_progress", "elapsed_s": 81.96290940232575, "iteration": 4575, "objective": 18.278855290901653}
{"phase": "fit_progress", "elapsed_s": 82.12131534516811, "iteration": 4600, "objective": 18.27806873016479}
{"phase": "fit_progress", "elapsed_s": 82.29035109840333, "iteration": 4625, "objective": 18.27709515377273}
{"phase": "fit_progress", "elapsed_s": 82.44832853414118, "iteration": 4650, "objective": 18.276037890135264}
{"phase": "fit_progress", "elapsed_s": 82.60630154050887, "iteration": 4675, "objective": 18.274202133307412}
{"phase": "fit_progress", "elapsed_s": 82.77526388317347, "iteration": 4700, "objective": 18.272691078364307}
{"phase": "fit_progress", "elapsed_s": 82.92813328653574, "iteration": 4725, "objective": 18.27106436327282}
{"phase": "fit_progress", "elapsed_s": 83.09192457422614, "iteration": 4750, "objective": 18.269038414286232}
{"phase": "fit_progress", "elapsed_s": 83.2608582265675, "iteration": 4775, "objective": 18.26755773364044}
{"phase": "fit_progress", "elapsed_s": 83.49359264411032, "iteration": 4800, "objective": 18.266172466021217}
{"phase": "fit_progress", "elapsed_s": 83.6578627191484, "iteration": 4825, "objective": 18.26508356944911}
{"phase": "fit_progress", "elapsed_s": 83.82191418670118, "iteration": 4850, "objective": 18.264004945700925}
{"phase": "fit_progress", "elapsed_s": 83.98691479489207, "iteration": 4875, "objective": 18.262953008624425}
{"phase": "fit_progress", "elapsed_s": 84.15119565837085, "iteration": 4900, "objective": 18.26119789563507}
{"phase": "fit_progress", "elapsed_s": 84.32692381925881, "iteration": 4925, "objective": 18.25955570905788}
{"phase": "fit_progress", "elapsed_s": 84.50209618732333, "iteration": 4950, "objective": 18.25750626720296}
{"phase": "fit_progress", "elapsed_s": 84.66173765808344, "iteration": 4975, "objective": 18.25675081596402}
{"phase": "fit_progress", "elapsed_s": 84.83219852298498, "iteration": 5000, "objective": 18.2548715572517}
{"phase": "fit_progress", "elapsed_s": 85.0135435461998, "iteration": 5025, "objective": 18.249853789385092}
{"phase": "fit_progress", "elapsed_s": 85.2162452377379, "iteration": 5050, "objective": 18.245558215193835}
{"phase": "fit_progress", "elapsed_s": 85.37529887631536, "iteration": 5075, "objective": 18.24415012287237}
{"phase": "fit_progress", "elapsed_s": 85.55011109821498, "iteration": 5100, "objective": 18.24315522995468}
{"phase": "fit_progress", "elapsed_s": 85.7237748708576, "iteration": 5125, "objective": 18.241848963200475}
{"phase": "fit_progress", "elapsed_s": 85.8935131970793, "iteration": 5150, "objective": 18.240064378517662}
{"phase": "fit_progress", "elapsed_s": 86.07362465932965, "iteration": 5175, "objective": 18.238607027166932}
{"phase": "fit_progress", "elapsed_s": 86.27498112991452, "iteration": 5200, "objective": 18.237303655872758}
{"phase": "fit_progress", "elapsed_s": 86.45466001704335, "iteration": 5225, "objective": 18.235880119085042}
{"phase": "fit_progress", "elapsed_s": 86.61808842606843, "iteration": 5250, "objective": 18.234523343001822}
{"phase": "fit_progress", "elapsed_s": 86.80026775971055, "iteration": 5275, "objective": 18.23319042123656}
{"phase": "fit_progress", "elapsed_s": 86.96410958096385, "iteration": 5300, "objective": 18.231930754381366}
{"phase": "fit_progress", "elapsed_s": 87.14490593224764, "iteration": 5325, "objective": 18.230259760501266}
{"phase": "fit_progress", "elapsed_s": 87.33179579488933, "iteration": 5350, "objective": 18.22808030162596}
{"phase": "fit_progress", "elapsed_s": 87.59467711299658, "iteration": 5375, "objective": 18.22560669068214}
{"phase": "fit_progress", "elapsed_s": 87.74749053269625, "iteration": 5400, "objective": 18.22293243418704}
{"phase": "fit_progress", "elapsed_s": 87.9207688625902, "iteration": 5425, "objective": 18.220218906171418}
{"phase": "fit_progress", "elapsed_s": 88.09053659252822, "iteration": 5450, "objective": 18.21624384200949}
{"phase": "fit_progress", "elapsed_s": 88.26857915148139, "iteration": 5475, "objective": 18.212859998091755}
{"phase": "fit_progress", "elapsed_s": 88.43875686638057, "iteration": 5500, "objective": 18.20919270036556}
{"phase": "fit_progress", "elapsed_s": 88.59238856844604, "iteration": 5525, "objective": 18.20786532843693}
{"phase": "fit_progress", "elapsed_s": 88.75587124936283, "iteration": 5550, "objective": 18.206035855824073}
{"phase": "fit_progress", "elapsed_s": 88.97097551077604, "iteration": 5575, "objective": 18.203931981561315}
{"phase": "fit_progress", "elapsed_s": 89.13518639467657, "iteration": 5600, "objective": 18.202761920914742}
{"phase": "fit_progress", "elapsed_s": 89.31045693531632, "iteration": 5625, "objective": 18.20189640583773}
{"phase": "fit_progress", "elapsed_s": 89.48598568700254, "iteration": 5650, "objective": 18.200267559783118}
{"phase": "fit_progress", "elapsed_s": 89.64490457810462, "iteration": 5675, "objective": 18.198226999991864}
{"phase": "fit_progress", "elapsed_s": 89.8084818162024, "iteration": 5700, "objective": 18.19657711325175}
{"phase": "fit_progress", "elapsed_s": 89.95850563235581, "iteration": 5725, "objective": 18.19534293590114}
{"phase": "fit_progress", "elapsed_s": 90.12811404652894, "iteration": 5750, "objective": 18.194634441257335}
{"phase": "fit_progress", "elapsed_s": 90.29750382713974, "iteration": 5775, "objective": 18.19355347474807}
{"phase": "fit_progress", "elapsed_s": 90.45734005048871, "iteration": 5800, "objective": 18.1924182478125}
{"phase": "fit_progress", "elapsed_s": 90.62269948236644, "iteration": 5825, "objective": 18.19125772769649}
{"phase": "fit_progress", "elapsed_s": 90.78781127929688, "iteration": 5850, "objective": 18.190752389508972}
{"phase": "fit_progress", "elapsed_s": 90.99639875814319, "iteration": 5875, "objective": 18.189971681764366}
{"phase": "fit_progress", "elapsed_s": 91.17223371565342, "iteration": 5900, "objective": 18.18922103749352}
{"phase": "fit_progress", "elapsed_s": 91.3434443268925, "iteration": 5925, "objective": 18.188361726643006}
{"phase": "fit_progress", "elapsed_s": 91.50921506620944, "iteration": 5950, "objective": 18.187018174366845}
{"phase": "fit_progress", "elapsed_s": 91.67982269264758, "iteration": 5975, "objective": 18.18487361897478}
{"phase": "fit_progress", "elapsed_s": 91.86834466457367, "iteration": 6000, "objective": 18.182624716767688}
{"phase": "fit_progress", "elapsed_s": 92.0390452221036, "iteration": 6025, "objective": 18.180600852101783}
{"phase": "fit_progress", "elapsed_s": 92.1933739297092, "iteration": 6050, "objective": 18.178646382012655}
{"phase": "fit_progress", "elapsed_s": 92.36805759556592, "iteration": 6075, "objective": 18.17720708288292}
{"phase": "fit_progress", "elapsed_s": 92.53384459018707, "iteration": 6100, "objective": 18.175768248039418}
{"phase": "fit_progress", "elapsed_s": 92.7029572352767, "iteration": 6125, "objective": 18.174495122901543}
{"phase": "fit_progress", "elapsed_s": 92.87376317568123, "iteration": 6150, "objective": 18.17321173931616}
{"phase": "fit_progress", "elapsed_s": 93.05465337820351, "iteration": 6175, "objective": 18.172006904110905}
{"phase": "fit_progress", "elapsed_s": 93.22998535074294, "iteration": 6200, "objective": 18.171587033071336}
{"phase": "fit_progress", "elapsed_s": 93.3889270555228, "iteration": 6225, "objective": 18.170830032922122}
{"phase": "fit_progress", "elapsed_s": 93.55294331163168, "iteration": 6250, "objective": 18.16986490770028}
{"phase": "fit_progress", "elapsed_s": 93.72272195853293, "iteration": 6275, "objective": 18.168806767790592}
{"phase": "fit_progress", "elapsed_s": 93.89172678999603, "iteration": 6300, "objective": 18.16766092393205}
{"phase": "fit_progress", "elapsed_s": 94.06329023465514, "iteration": 6325, "objective": 18.16672013295092}
{"phase": "fit_progress", "elapsed_s": 94.2377650346607, "iteration": 6350, "objective": 18.16603064514363}
{"phase": "fit_progress", "elapsed_s": 94.42733298800886, "iteration": 6375, "objective": 18.165140807518164}
{"phase": "fit_progress", "elapsed_s": 94.60189695097506, "iteration": 6400, "objective": 18.164123730602544}
{"phase": "fit_progress", "elapsed_s": 94.77209895476699, "iteration": 6425, "objective": 18.162344556919972}
{"phase": "fit_progress", "elapsed_s": 94.9516585431993, "iteration": 6450, "objective": 18.1598585769378}
{"phase": "fit_progress", "elapsed_s": 95.11993919312954, "iteration": 6475, "objective": 18.157747838430176}
{"phase": "fit_progress", "elapsed_s": 95.2814367134124, "iteration": 6500, "objective": 18.156934772952095}
{"phase": "fit_progress", "elapsed_s": 95.4434423353523, "iteration": 6525, "objective": 18.156044139816192}
{"phase": "fit_progress", "elapsed_s": 95.62121986411512, "iteration": 6550, "objective": 18.15538838357424}
{"phase": "fit_progress", "elapsed_s": 95.78179853409529, "iteration": 6575, "objective": 18.154161868301824}
{"phase": "fit_progress", "elapsed_s": 95.99964685551822, "iteration": 6600, "objective": 18.15282241655862}
{"phase": "fit_progress", "elapsed_s": 96.16761244274676, "iteration": 6625, "objective": 18.15125154622283}
{"phase": "fit_progress", "elapsed_s": 96.33783801086247, "iteration": 6650, "objective": 18.150479562217164}
{"phase": "fit_progress", "elapsed_s": 96.49406850896776, "iteration": 6675, "objective": 18.149825890613926}
{"phase": "fit_progress", "elapsed_s": 96.65902838483453, "iteration": 6700, "objective": 18.149147425834716}
{"phase": "fit_progress", "elapsed_s": 96.84845098108053, "iteration": 6725, "objective": 18.14783279274685}
{"phase": "fit_progress", "elapsed_s": 97.04201737046242, "iteration": 6750, "objective": 18.146953640459085}
{"phase": "fit_progress", "elapsed_s": 97.2062018904835, "iteration": 6775, "objective": 18.14616830343186}
{"phase": "fit_progress", "elapsed_s": 97.36686132103205, "iteration": 6800, "objective": 18.145187126509608}
{"phase": "fit_progress", "elapsed_s": 97.53530877269804, "iteration": 6825, "objective": 18.144084464642262}
{"phase": "fit_progress", "elapsed_s": 97.71534279547632, "iteration": 6850, "objective": 18.143043174901266}
{"phase": "fit_progress", "elapsed_s": 97.88681543059647, "iteration": 6875, "objective": 18.141857663005855}
{"phase": "fit_progress", "elapsed_s": 98.0372967403382, "iteration": 6900, "objective": 18.14083924566449}
{"phase": "fit_progress", "elapsed_s": 98.20070793479681, "iteration": 6925, "objective": 18.140332541231203}
{"phase": "fit_progress", "elapsed_s": 98.37366385571659, "iteration": 6950, "objective": 18.139647086648317}
{"phase": "fit_progress", "elapsed_s": 98.55059414170682, "iteration": 6975, "objective": 18.138460943107646}
{"phase": "fit_progress", "elapsed_s": 98.7177962064743, "iteration": 7000, "objective": 18.13737673932081}
{"phase": "fit_progress", "elapsed_s": 98.88608007505536, "iteration": 7025, "objective": 18.13672735325311}
{"phase": "fit_progress", "elapsed_s": 99.05908280238509, "iteration": 7050, "objective": 18.13598303601134}
{"phase": "fit_progress", "elapsed_s": 99.23432547599077, "iteration": 7075, "objective": 18.134760086159616}
{"phase": "fit_progress", "elapsed_s": 99.4066997114569, "iteration": 7100, "objective": 18.13316311450817}
{"phase": "fit_progress", "elapsed_s": 99.56711355410516, "iteration": 7125, "objective": 18.132340614213753}
{"phase": "fit_progress", "elapsed_s": 99.7335722669959, "iteration": 7150, "objective": 18.131400571451955}
{"phase": "fit_progress", "elapsed_s": 99.90994998626411, "iteration": 7175, "objective": 18.130992001761868}
{"phase": "fit_progress", "elapsed_s": 100.0683324020356, "iteration": 7200, "objective": 18.130369644071568}
{"phase": "fit_progress", "elapsed_s": 100.22785436362028, "iteration": 7225, "objective": 18.129380135320638}
{"phase": "fit_progress", "elapsed_s": 100.38920831866562, "iteration": 7250, "objective": 18.128573859577166}
{"phase": "fit_progress", "elapsed_s": 100.5610500369221, "iteration": 7275, "objective": 18.127396412822915}
{"phase": "fit_progress", "elapsed_s": 100.73590103909373, "iteration": 7300, "objective": 18.126184596138565}
{"phase": "fit_progress", "elapsed_s": 100.9010475948453, "iteration": 7325, "objective": 18.12571979631627}
{"phase": "fit_progress", "elapsed_s": 101.03282772004604, "iteration": 7350, "objective": 18.12525040120644}
{"phase": "fit_progress", "elapsed_s": 101.16751767881215, "iteration": 7375, "objective": 18.12452997386965}
{"phase": "fit_progress", "elapsed_s": 101.30808008648455, "iteration": 7400, "objective": 18.124056561824784}
{"phase": "fit_progress", "elapsed_s": 101.48207373917103, "iteration": 7425, "objective": 18.12377192869881}
{"phase": "fit_progress", "elapsed_s": 101.64310387149453, "iteration": 7450, "objective": 18.123458221317907}
{"phase": "fit_progress", "elapsed_s": 101.8136519305408, "iteration": 7475, "objective": 18.122794393818303}
{"phase": "fit_progress", "elapsed_s": 101.95722364634275, "iteration": 7500, "objective": 18.12214693121333}
{"phase": "fit_progress", "elapsed_s": 102.10240561701357, "iteration": 7525, "objective": 18.121422716890383}
{"phase": "fit_progress", "elapsed_s": 102.24733757227659, "iteration": 7550, "objective": 18.120676041157587}
{"phase": "fit_progress", "elapsed_s": 102.40125553123653, "iteration": 7575, "objective": 18.120167285259022}
{"phase": "fit_progress", "elapsed_s": 102.53185486234725, "iteration": 7600, "objective": 18.119584022078527}
{"phase": "fit_progress", "elapsed_s": 102.66198487207294, "iteration": 7625, "objective": 18.11907003352574}
{"phase": "fit_progress", "elapsed_s": 102.81616077944636, "iteration": 7650, "objective": 18.118734355601415}
{"phase": "fit_progress", "elapsed_s": 102.98930807970464, "iteration": 7675, "objective": 18.11810233965062}
{"phase": "fit_progress", "elapsed_s": 103.15454550646245, "iteration": 7700, "objective": 18.117302659478025}
{"phase": "fit_progress", "elapsed_s": 103.32699325121939, "iteration": 7725, "objective": 18.1163767229858}
{"phase": "fit_progress", "elapsed_s": 103.49203174933791, "iteration": 7750, "objective": 18.115872645479374}
{"phase": "fit_progress", "elapsed_s": 103.66774102300406, "iteration": 7775, "objective": 18.115233623678428}
{"phase": "fit_progress", "elapsed_s": 103.83666171878576, "iteration": 7800, "objective": 18.11406002773066}
{"phase": "fit_progress", "elapsed_s": 104.00967536121607, "iteration": 7825, "objective": 18.112914522525514}
{"phase": "fit_progress", "elapsed_s": 104.18047451041639, "iteration": 7850, "objective": 18.11195317755841}
{"phase": "fit_progress", "elapsed_s": 104.35114090330899, "iteration": 7875, "objective": 18.111493431173876}
{"phase": "fit_progress", "elapsed_s": 104.52089129202068, "iteration": 7900, "objective": 18.11039233304336}
{"phase": "fit_progress", "elapsed_s": 104.70720840245485, "iteration": 7925, "objective": 18.109256928067282}
{"phase": "fit_progress", "elapsed_s": 104.86221148632467, "iteration": 7950, "objective": 18.108317467720173}
{"phase": "fit_progress", "elapsed_s": 105.0259877871722, "iteration": 7975, "objective": 18.107624923511423}
{"phase": "fit_progress", "elapsed_s": 105.19485246762633, "iteration": 8000, "objective": 18.10672775552422}
{"phase": "fit_progress", "elapsed_s": 105.35638807155192, "iteration": 8025, "objective": 18.10551218529654}
{"phase": "fit_progress", "elapsed_s": 105.51499350368977, "iteration": 8050, "objective": 18.10467901452085}
{"phase": "fit_progress", "elapsed_s": 105.67791620269418, "iteration": 8075, "objective": 18.103918035942005}
{"phase": "fit_progress", "elapsed_s": 105.83917916752398, "iteration": 8100, "objective": 18.102895476604246}
{"phase": "fit_progress", "elapsed_s": 105.99458030611277, "iteration": 8125, "objective": 18.10138616635739}
{"phase": "fit_progress", "elapsed_s": 106.15178774856031, "iteration": 8150, "objective": 18.099924589092097}
{"phase": "fit_progress", "elapsed_s": 106.34848980419338, "iteration": 8175, "objective": 18.09847174845597}
{"phase": "fit_progress", "elapsed_s": 106.52759749628603, "iteration": 8200, "objective": 18.09731496238938}
{"phase": "fit_progress", "elapsed_s": 106.70285818912089, "iteration": 8225, "objective": 18.096595124181267}
{"phase": "fit_progress", "elapsed_s": 106.85591065883636, "iteration": 8250, "objective": 18.09553477075644}
{"phase": "fit_progress", "elapsed_s": 107.01536331884563, "iteration": 8275, "objective": 18.094484354607918}
{"phase": "fit_progress", "elapsed_s": 107.1898755505681, "iteration": 8300, "objective": 18.09354139977889}
{"phase": "fit_progress", "elapsed_s": 107.3574013914913, "iteration": 8325, "objective": 18.092949379487354}
{"phase": "fit_progress", "elapsed_s": 107.52257451601326, "iteration": 8350, "objective": 18.09190847419239}
{"phase": "fit_progress", "elapsed_s": 107.69490385428071, "iteration": 8375, "objective": 18.09068953351073}
{"phase": "fit_progress", "elapsed_s": 107.82993361912668, "iteration": 8400, "objective": 18.090031914795624}
{"phase": "fit_progress", "elapsed_s": 107.97544522956014, "iteration": 8425, "objective": 18.089119016828445}
{"phase": "fit_progress", "elapsed_s": 108.12840793468058, "iteration": 8450, "objective": 18.08841600865237}
{"phase": "fit_progress", "elapsed_s": 108.2594532519579, "iteration": 8475, "objective": 18.087517256248024}
{"phase": "fit_progress", "elapsed_s": 108.40820508264005, "iteration": 8500, "objective": 18.086848798790232}
{"phase": "fit_progress", "elapsed_s": 108.57808824256063, "iteration": 8525, "objective": 18.085492506675738}
{"phase": "fit_progress", "elapsed_s": 108.7342522200197, "iteration": 8550, "objective": 18.084923620602044}
{"phase": "fit_progress", "elapsed_s": 108.89713775552809, "iteration": 8575, "objective": 18.084531626087976}
{"phase": "fit_progress", "elapsed_s": 109.07981160283089, "iteration": 8600, "objective": 18.08410468295443}
{"phase": "fit_progress", "elapsed_s": 109.24290565773845, "iteration": 8625, "objective": 18.083754724584207}
{"phase": "fit_progress", "elapsed_s": 109.41070620901883, "iteration": 8650, "objective": 18.083419778631793}
{"phase": "fit_progress", "elapsed_s": 109.57429175078869, "iteration": 8675, "objective": 18.08313355211684}
{"phase": "fit_progress", "elapsed_s": 109.73349687643349, "iteration": 8700, "objective": 18.08282447823289}
{"phase": "fit_progress", "elapsed_s": 109.90005955845118, "iteration": 8725, "objective": 18.082617349058303}
{"phase": "fit_progress", "elapsed_s": 110.05730989202857, "iteration": 8750, "objective": 18.082222129486205}
{"phase": "fit_progress", "elapsed_s": 110.21897433139384, "iteration": 8775, "objective": 18.081974680496526}
{"phase": "fit_progress", "elapsed_s": 110.39579381421208, "iteration": 8800, "objective": 18.08157719556129}
{"phase": "fit_progress", "elapsed_s": 110.56169843487442, "iteration": 8825, "objective": 18.081262098339167}
{"phase": "fit_progress", "elapsed_s": 110.73523090220988, "iteration": 8850, "objective": 18.080930325186262}
{"phase": "fit_progress", "elapsed_s": 110.86139044351876, "iteration": 8875, "objective": 18.080288944336537}
{"phase": "fit_progress", "elapsed_s": 110.98276218026876, "iteration": 8900, "objective": 18.079606482468968}
{"phase": "fit_progress", "elapsed_s": 111.11105080135167, "iteration": 8925, "objective": 18.078947261475545}
{"phase": "fit_progress", "elapsed_s": 111.23763821832836, "iteration": 8950, "objective": 18.078624605302664}
{"phase": "fit_progress", "elapsed_s": 111.36497488431633, "iteration": 8975, "objective": 18.0779134908078}
{"phase": "fit_progress", "elapsed_s": 111.53190850280225, "iteration": 9000, "objective": 18.077201521993835}
{"phase": "fit_progress", "elapsed_s": 111.68767349608243, "iteration": 9025, "objective": 18.076775927337486}
{"phase": "fit_progress", "elapsed_s": 111.85298431664705, "iteration": 9050, "objective": 18.076341444311602}
{"phase": "fit_progress", "elapsed_s": 111.99295099265873, "iteration": 9075, "objective": 18.075891782791132}
{"phase": "fit_progress", "elapsed_s": 112.13883035443723, "iteration": 9100, "objective": 18.07559042252383}
{"phase": "fit_progress", "elapsed_s": 112.29734092205763, "iteration": 9125, "objective": 18.075241994609446}
{"phase": "fit_progress", "elapsed_s": 112.46858471445739, "iteration": 9150, "objective": 18.074897637708734}
{"phase": "fit_progress", "elapsed_s": 112.62388261966407, "iteration": 9175, "objective": 18.0743467357903}
{"phase": "fit_progress", "elapsed_s": 112.79384186305106, "iteration": 9200, "objective": 18.073684707035145}
{"phase": "fit_progress", "elapsed_s": 112.95384646393359, "iteration": 9225, "objective": 18.073258314787388}
{"phase": "fit_progress", "elapsed_s": 113.14001268334687, "iteration": 9250, "objective": 18.07285365255898}
{"phase": "fit_progress", "elapsed_s": 113.29216839373112, "iteration": 9275, "objective": 18.072389631951506}
{"phase": "fit_progress", "elapsed_s": 113.45889277942479, "iteration": 9300, "objective": 18.071719124906764}
{"phase": "fit_progress", "elapsed_s": 113.61819623596966, "iteration": 9325, "objective": 18.071107616122664}
{"phase": "fit_progress", "elapsed_s": 113.75227372720838, "iteration": 9350, "objective": 18.07018531385583}
{"phase": "fit_progress", "elapsed_s": 113.8882789555937, "iteration": 9375, "objective": 18.069472357164162}
{"phase": "fit_progress", "elapsed_s": 114.0218809619546, "iteration": 9400, "objective": 18.068993907536495}
{"phase": "fit_progress", "elapsed_s": 114.15464969165623, "iteration": 9425, "objective": 18.068404572460345}
{"phase": "fit_progress", "elapsed_s": 114.27946619130671, "iteration": 9450, "objective": 18.06784396522528}
{"phase": "fit_progress", "elapsed_s": 114.42472108267248, "iteration": 9475, "objective": 18.067488165831353}
{"phase": "fit_progress", "elapsed_s": 114.59864184819162, "iteration": 9500, "objective": 18.06686860313714}
{"phase": "fit_progress", "elapsed_s": 114.76136525534093, "iteration": 9525, "objective": 18.066441764652467}
{"phase": "fit_progress", "elapsed_s": 114.92446173168719, "iteration": 9550, "objective": 18.06589333979319}
{"phase": "fit_progress", "elapsed_s": 115.0722353644669, "iteration": 9575, "objective": 18.065454293040148}
{"phase": "fit_progress", "elapsed_s": 115.23477850668132, "iteration": 9600, "objective": 18.065016440246765}
{"phase": "fit_progress", "elapsed_s": 115.39957764744759, "iteration": 9625, "objective": 18.064525449523092}
{"phase": "fit_progress", "elapsed_s": 115.56464025564492, "iteration": 9650, "objective": 18.063778467221677}
{"phase": "fit_progress", "elapsed_s": 115.72125600464642, "iteration": 9675, "objective": 18.063216447058362}
{"phase": "fit_progress", "elapsed_s": 115.88246303796768, "iteration": 9700, "objective": 18.062764511912892}
{"phase": "fit_progress", "elapsed_s": 116.0491185579449, "iteration": 9725, "objective": 18.06230996288332}
{"phase": "fit_progress", "elapsed_s": 116.21024907194078, "iteration": 9750, "objective": 18.061844443790246}
{"phase": "fit_progress", "elapsed_s": 116.37534112669528, "iteration": 9775, "objective": 18.061490114154697}
{"phase": "fit_progress", "elapsed_s": 116.53781043551862, "iteration": 9800, "objective": 18.06118564647035}
{"phase": "fit_progress", "elapsed_s": 116.69187141396105, "iteration": 9825, "objective": 18.060421652813464}
{"phase": "fit_progress", "elapsed_s": 116.85772131755948, "iteration": 9850, "objective": 18.059812343107502}
{"phase": "fit_progress", "elapsed_s": 117.01779397763312, "iteration": 9875, "objective": 18.05922819028255}
{"phase": "fit_progress", "elapsed_s": 117.19036891311407, "iteration": 9900, "objective": 18.058814397341756}
{"phase": "fit_progress", "elapsed_s": 117.3496716786176, "iteration": 9925, "objective": 18.058570926466928}
{"phase": "fit_progress", "elapsed_s": 117.50001274421811, "iteration": 9950, "objective": 18.058096345179276}
{"phase": "fit_progress", "elapsed_s": 117.66210514493287, "iteration": 9975, "objective": 18.057567663812215}
{"phase": "fit_progress", "elapsed_s": 117.82670616731048, "iteration": 10000, "objective": 18.057305776024993}
{"phase": "fit_progress", "elapsed_s": 117.98133255541325, "iteration": 10025, "objective": 18.05706525015042}
{"phase": "fit_progress", "elapsed_s": 118.14254388213158, "iteration": 10050, "objective": 18.056736333913896}
{"phase": "fit_progress", "elapsed_s": 118.30215664766729, "iteration": 10075, "objective": 18.05641418796836}
{"phase": "fit_progress", "elapsed_s": 118.46421907097101, "iteration": 10100, "objective": 18.056039415338393}
{"phase": "fit_progress", "elapsed_s": 118.62876101396978, "iteration": 10125, "objective": 18.055548007318663}
{"phase": "fit_progress", "elapsed_s": 118.79558159969747, "iteration": 10150, "objective": 18.055206518674563}
{"phase": "fit_progress", "elapsed_s": 118.97060424648225, "iteration": 10175, "objective": 18.05493195473526}
{"phase": "fit_progress", "elapsed_s": 119.14591618999839, "iteration": 10200, "objective": 18.054731168511832}
{"phase": "fit_progress", "elapsed_s": 119.30934976041317, "iteration": 10225, "objective": 18.05448121640764}
{"phase": "fit_progress", "elapsed_s": 119.48360668867826, "iteration": 10250, "objective": 18.05432646226118}
{"phase": "fit_progress", "elapsed_s": 119.6416310314089, "iteration": 10275, "objective": 18.054175375342925}
{"phase": "fit_progress", "elapsed_s": 119.80987615138292, "iteration": 10300, "objective": 18.053991731907622}
{"phase": "fit_progress", "elapsed_s": 119.9740351587534, "iteration": 10325, "objective": 18.053844738584374}
{"phase": "fit_progress", "elapsed_s": 120.13807825557888, "iteration": 10350, "objective": 18.0535177843473}
{"phase": "fit_progress", "elapsed_s": 120.288345169276, "iteration": 10375, "objective": 18.05318526032022}
{"phase": "fit_progress", "elapsed_s": 120.4511746019125, "iteration": 10400, "objective": 18.052801031969366}
{"phase": "fit_progress", "elapsed_s": 120.61129884235561, "iteration": 10425, "objective": 18.052519858332516}
{"phase": "fit_progress", "elapsed_s": 120.78292380645871, "iteration": 10450, "objective": 18.052238379799967}
{"phase": "fit_progress", "elapsed_s": 120.92321273870766, "iteration": 10475, "objective": 18.05185106650835}
{"phase": "fit_progress", "elapsed_s": 121.05679263733327, "iteration": 10500, "objective": 18.051379700900867}
{"phase": "fit_progress", "elapsed_s": 121.21625891886652, "iteration": 10525, "objective": 18.05106594812101}
{"phase": "fit_progress", "elapsed_s": 121.33844576217234, "iteration": 10550, "objective": 18.05072354187643}
{"phase": "fit_progress", "elapsed_s": 121.4696108084172, "iteration": 10575, "objective": 18.050628142949872}
{"phase": "fit_progress", "elapsed_s": 121.60962475091219, "iteration": 10600, "objective": 18.050523087987983}
{"phase": "fit_progress", "elapsed_s": 121.77405892685056, "iteration": 10625, "objective": 18.050394875946285}
{"phase": "fit_progress", "elapsed_s": 121.93337769433856, "iteration": 10650, "objective": 18.05016666377277}
{"phase": "fit_progress", "elapsed_s": 122.10320571437478, "iteration": 10675, "objective": 18.04999327477715}
{"phase": "fit_progress", "elapsed_s": 122.27511888369918, "iteration": 10700, "objective": 18.049858102295392}
{"phase": "fit_progress", "elapsed_s": 122.42357139661908, "iteration": 10725, "objective": 18.049757402910426}
{"phase": "fit_progress", "elapsed_s": 122.58012634329498, "iteration": 10750, "objective": 18.0496221397408}
{"phase": "fit_progress", "elapsed_s": 122.74959603510797, "iteration": 10775, "objective": 18.049515494047007}
{"phase": "fit_progress", "elapsed_s": 122.9171731211245, "iteration": 10800, "objective": 18.04943649148546}
{"phase": "fit_progress", "elapsed_s": 123.08024768345058, "iteration": 10825, "objective": 18.04934423972569}
{"phase": "fit_progress", "elapsed_s": 123.25577123090625, "iteration": 10850, "objective": 18.049239752326063}
{"phase": "fit_progress", "elapsed_s": 123.42820883542299, "iteration": 10875, "objective": 18.049069544657907}
{"phase": "fit_progress", "elapsed_s": 123.58887339569628, "iteration": 10900, "objective": 18.0488001549183}
{"phase": "fit_progress", "elapsed_s": 123.7592472396791, "iteration": 10925, "objective": 18.048566885180314}
{"phase": "fit_progress", "elapsed_s": 123.92984522692859, "iteration": 10950, "objective": 18.048475197282414}
{"phase": "fit_progress", "elapsed_s": 124.09663926251233, "iteration": 10975, "objective": 18.04839480050079}
{"phase": "fit_progress", "elapsed_s": 124.2707258593291, "iteration": 11000, "objective": 18.04830501259616}
{"phase": "fit_progress", "elapsed_s": 124.4326992649585, "iteration": 11025, "objective": 18.04823272721161}
{"phase": "fit_progress", "elapsed_s": 124.58154357410967, "iteration": 11050, "objective": 18.048095853413155}
{"phase": "fit_progress", "elapsed_s": 124.74506805837154, "iteration": 11075, "objective": 18.047959998808704}
{"phase": "fit_progress", "elapsed_s": 124.88714986108243, "iteration": 11100, "objective": 18.047695916208728}
{"phase": "fit_progress", "elapsed_s": 125.04592012241483, "iteration": 11125, "objective": 18.0474617823789}
{"phase": "fit_progress", "elapsed_s": 125.20837985537946, "iteration": 11150, "objective": 18.047181327737725}
{"phase": "fit_progress", "elapsed_s": 125.37146836332977, "iteration": 11175, "objective": 18.047037035804554}
{"phase": "fit_progress", "elapsed_s": 125.54068595170975, "iteration": 11200, "objective": 18.046885638104403}
{"phase": "fit_progress", "elapsed_s": 125.71009839512408, "iteration": 11225, "objective": 18.046706501120546}
{"phase": "fit_progress", "elapsed_s": 125.88193964213133, "iteration": 11250, "objective": 18.04653864202752}
{"phase": "fit_progress", "elapsed_s": 126.03751345910132, "iteration": 11275, "objective": 18.04636014408121}
{"phase": "fit_progress", "elapsed_s": 126.20506268925965, "iteration": 11300, "objective": 18.046230237778865}
{"phase": "fit_progress", "elapsed_s": 126.37649269029498, "iteration": 11325, "objective": 18.046094603573025}
{"phase": "fit_progress", "elapsed_s": 126.53897067718208, "iteration": 11350, "objective": 18.045964680390103}
{"phase": "fit_progress", "elapsed_s": 126.6700926180929, "iteration": 11375, "objective": 18.045778274806366}
{"phase": "fit_progress", "elapsed_s": 126.79775147140026, "iteration": 11400, "objective": 18.045375566910128}
{"phase": "fit_progress", "elapsed_s": 126.95125849545002, "iteration": 11425, "objective": 18.045076247467897}
{"phase": "fit_progress", "elapsed_s": 127.12378767877817, "iteration": 11450, "objective": 18.04476387398243}
{"phase": "fit_progress", "elapsed_s": 127.28735325112939, "iteration": 11475, "objective": 18.04455803997617}
{"phase": "fit_progress", "elapsed_s": 127.45371969975531, "iteration": 11500, "objective": 18.0442486991217}
{"phase": "fit_progress", "elapsed_s": 127.623430326581, "iteration": 11525, "objective": 18.04385221597953}
{"phase": "fit_progress", "elapsed_s": 127.78598793596029, "iteration": 11550, "objective": 18.043638547269236}
{"phase": "fit_progress", "elapsed_s": 127.95782333426178, "iteration": 11575, "objective": 18.043336183215523}
{"phase": "fit_progress", "elapsed_s": 128.13369827531278, "iteration": 11600, "objective": 18.04297895489567}
{"phase": "fit_progress", "elapsed_s": 128.29835015162826, "iteration": 11625, "objective": 18.042612157642647}
{"phase": "fit_progress", "elapsed_s": 128.46837164647877, "iteration": 11650, "objective": 18.042115005708656}
{"phase": "fit_progress", "elapsed_s": 128.63226993195713, "iteration": 11675, "objective": 18.041757649873507}
{"phase": "fit_progress", "elapsed_s": 128.80123971030116, "iteration": 11700, "objective": 18.04154631743732}
{"phase": "fit_progress", "elapsed_s": 128.96004957146943, "iteration": 11725, "objective": 18.04121316126536}
{"phase": "fit_progress", "elapsed_s": 129.13644446246326, "iteration": 11750, "objective": 18.040861120194414}
{"phase": "fit_progress", "elapsed_s": 129.29189058206975, "iteration": 11775, "objective": 18.04046860095451}
{"phase": "fit_progress", "elapsed_s": 129.47201831452549, "iteration": 11800, "objective": 18.040216334095476}
{"phase": "fit_progress", "elapsed_s": 129.63884968683124, "iteration": 11825, "objective": 18.03970487266872}
{"phase": "fit_progress", "elapsed_s": 129.8163495734334, "iteration": 11850, "objective": 18.03924408580962}
{"phase": "fit_progress", "elapsed_s": 129.9842550456524, "iteration": 11875, "objective": 18.03899477260178}
{"phase": "fit_progress", "elapsed_s": 130.15519943088293, "iteration": 11900, "objective": 18.038794391743526}
{"phase": "fit_progress", "elapsed_s": 130.33581705018878, "iteration": 11925, "objective": 18.038534975628625}
{"phase": "fit_progress", "elapsed_s": 130.50580353476107, "iteration": 11950, "objective": 18.0383136308699}
{"phase": "fit_progress", "elapsed_s": 130.6707286797464, "iteration": 11975, "objective": 18.03815498412186}
{"phase": "fit_progress", "elapsed_s": 130.83897492289543, "iteration": 12000, "objective": 18.037922798413554}
{"phase": "fit_end", "elapsed_s": 132.2065020352602, "iterations": 12000, "objective": 18.037922798413554, "optimizer_success": false, "message": "STOP: TOTAL NO. OF ITERATIONS REACHED LIMIT"}
{"phase": "virtual_casing_start", "elapsed_s": 132.20662786252797, "grid": 48, "digits": 6}
{"phase": "virtual_casing_end", "elapsed_s": 137.38923569396138, "grid": 48, "digits": 6, "plasma_Bn_rms_T": 0.25454683574014897, "interior_tangency_max": 2.4486981598704836e-16}
{"phase": "virtual_casing_start", "elapsed_s": 137.38950502313673, "grid": 48, "digits": 6}
{"phase": "virtual_casing_end", "elapsed_s": 158.15317088365555, "grid": 48, "digits": 6, "plasma_Bn_rms_T": 0.2545468387249388, "interior_tangency_max": 2.4486981598704836e-16}
{"phase": "finished", "elapsed_s": 162.35926424525678, "completed": true, "virtual_casing_pass": true, "qualified_for_free_boundary_trial": false, "eligible_for_frozen_nestor_check": true, "optimizer_success": false, "optimizer_message": "STOP: TOTAL NO. OF ITERATIONS REACHED LIMIT", "iterations": 12000, "objective_initial": 23.33923179758637, "objective_final": 18.037922798413554, "field_gates_passed": true, "geometry_gates_passed": true, "initial_validation": {"normal_rms": 0.0027941295873328063, "normal_max": 0.009975245267172462, "relative_pressure_jump": 0.005592365982472565, "max_length_m": 70.87330981600414, "max_curvature_per_m": 0.6818450834632639, "min_coil_coil_m": 1.3624287059476683, "min_coil_plasma_m": 2.8798309427333844}, "final_validation_256": {"normal_rms": 0.0018414385490529304, "normal_max": 0.0077070904584128205, "relative_pressure_jump": 0.0054616522399414434, "max_length_m": 70.87329591907853, "max_curvature_per_m": 0.683543462659618, "min_coil_coil_m": 1.358720246609382, "min_coil_plasma_m": 3.0654055409857195}, "production_validation_75": {"normal_rms": 0.0018414385495739427, "normal_max": 0.007707090459836667, "relative_pressure_jump": 0.0054616522426037305, "max_length_m": 70.87329591908906, "max_curvature_per_m": 0.6835306709871986, "min_coil_coil_m": 1.420733830864782, "min_coil_plasma_m": 3.0725944106610346}, "seconds": 162.35866683535278, "free_boundary_validated": false, "base_currents_A": [17747087.05841199, 26690396.472257517, 21375217.451756556, 16429971.100353979]}
